 ╔═══════════════════╦══════════════════════════════╦══════════════╗
 ║ Fellowship member ║ Title                        ║ Weapon       ║
 ╠═══════════════════╬══════════════════════════════╬══════════════╣
 ║ Gimli             ║ Lord of the Glittering Caves ║ Axe          ║
 ║ Legolas           ║ Prince of the Woodland Realm ║ Bow          ║
 ║ Aragorn           ║ King of Gondor               ║ Sword        ║
 ║ Boromir           ║ Captain of the White Tower   ║ Sword        ║
 ║ Gandalf           ║ The Grey                     ║ Wizard staff ║
 ╚═══════════════════╩══════════════════════════════╩══════════════╝
